components/ChatbotPanel.tsx(5,44): error TS2307: Cannot find module '../services/ollamaService' or its corresponding type declarations.
components/Dictionary/VocabBankCanvas.tsx(5,31): error TS2307: Cannot find module '../../services/ollamaService' or its corresponding type declarations.
components/DictionaryPanel.tsx(3,51): error TS2307: Cannot find module '../services/ollamaService' or its corresponding type declarations.
components/MacaronicStory.tsx(2,31): error TS2307: Cannot find module '../services/ollamaService' or its corresponding type declarations.
components/Onboarding/SetupWizard.tsx(3,55): error TS2307: Cannot find module '../../services/ollamaHealthCheck' or its corresponding type declarations.
components/Onboarding/SetupWizard.tsx(171,9): error TS2367: This comparison appears to be unintentional because the types '"gemini"' and '"ollama"' have no overlap.
components/Onboarding/SetupWizard.tsx(244,36): error TS2322: Type '"ollama"' is not assignable to type '"gemini"'.
components/Onboarding/SetupWizard.tsx(408,58): error TS2345: Argument of type '"ollama"' is not assignable to parameter of type 'SetStateAction<"gemini">'.
components/Onboarding/SetupWizard.tsx(410,23): error TS2367: This comparison appears to be unintentional because the types '"gemini"' and '"ollama"' have no overlap.
components/Onboarding/SetupWizard.tsx(421,23): error TS2367: This comparison appears to be unintentional because the types '"gemini"' and '"ollama"' have no overlap.
components/Onboarding/SetupWizard.tsx(489,18): error TS2367: This comparison appears to be unintentional because the types '"gemini"' and '"ollama"' have no overlap.
components/Onboarding/SetupWizard.tsx(635,42): error TS2367: This comparison appears to be unintentional because the types '"gemini"' and '"ollama"' have no overlap.
components/SpeakingArena.tsx(6,31): error TS2307: Cannot find module '../services/ollamaService' or its corresponding type declarations.
components/SpeakingBasicMode.tsx(4,31): error TS2307: Cannot find module '../services/ollamaService' or its corresponding type declarations.
components/SpeakingExamCreator.tsx(4,31): error TS2307: Cannot find module '../services/ollamaService' or its corresponding type declarations.
components/SpeakingTopicMode.tsx(4,31): error TS2307: Cannot find module '../services/ollamaService' or its corresponding type declarations.
hooks/useAuraLocalVoice.ts(3,65): error TS2307: Cannot find module '../services/ollamaService' or its corresponding type declarations.
